
> framashare@0.1.0 build
> vue-tsc --noEmit && vite build

vite v7.3.7 building client environment for production...
transforming...
✓ 1639 modules transformed.
rendering chunks...
computing gzip size...
dist/index.html                                                          0.43 kB │ gzip:   0.31 kB
dist/assets/literata-cyrillic-ext-400-normal-BuNkiaAX.woff               4.86 kB
dist/assets/literata-vietnamese-400-normal-H9pSqQsV.woff2                5.18 kB
dist/assets/ibm-plex-mono-vietnamese-400-normal-DDuiU_S-.woff            5.62 kB
dist/assets/ibm-plex-mono-cyrillic-ext-400-normal-DMdlQ8Kv.woff          5.82 kB
dist/assets/ibm-plex-mono-vietnamese-400-normal-BulugwFq.woff2           5.87 kB
dist/assets/literata-greek-ext-400-normal-wlSmuZ9Y.woff2                 5.98 kB
dist/assets/figtree-latin-ext-500-normal-Du0rIuHj.woff2                  6.16 kB
dist/assets/figtree-latin-ext-400-normal-CXAzuTZb.woff2                  6.19 kB
dist/assets/figtree-latin-ext-600-normal-DJlfifZj.woff2                  6.24 kB
dist/assets/literata-vietnamese-400-normal-BvhrDK3U.woff                 6.84 kB
dist/assets/ibm-plex-mono-cyrillic-ext-400-normal-xuaO2J-f.woff2         6.91 kB
dist/assets/ibm-plex-mono-cyrillic-400-normal-CEL4l2ZJ.woff              7.20 kB
dist/assets/literata-greek-ext-400-normal-jenpRSxk.woff                  7.81 kB
dist/assets/literata-greek-400-normal-DLCf-Z3g.woff2                     8.13 kB
dist/assets/figtree-latin-ext-500-normal-BOEJvrb_.woff                   8.32 kB
dist/assets/figtree-latin-ext-400-normal-Gbh-3PTk.woff                   8.34 kB
dist/assets/ibm-plex-mono-cyrillic-400-normal-BSMlKf0J.woff2             8.36 kB
dist/assets/figtree-latin-ext-600-normal-CQqsimlV.woff                   8.36 kB
dist/assets/literata-greek-400-normal-CMPfP1Pr.woff                      9.91 kB
dist/assets/literata-cyrillic-400-normal-CNCMA2GQ.woff2                 10.99 kB
dist/assets/figtree-latin-400-normal-g7Dtegnw.woff2                     11.38 kB
dist/assets/figtree-latin-500-normal-BWnGEVsr.woff2                     11.43 kB
dist/assets/figtree-latin-600-normal-Cv_xCTDl.woff2                     11.54 kB
dist/assets/ibm-plex-mono-latin-ext-400-normal-D3D2R8hC.woff            11.77 kB
dist/assets/ibm-plex-mono-latin-400-normal-CvHOgSBP.woff                13.14 kB
dist/assets/ibm-plex-mono-latin-ext-400-normal-BmRBH3aV.woff2           13.35 kB
dist/assets/literata-cyrillic-400-normal-BZoHpSD9.woff                  13.36 kB
dist/assets/ibm-plex-mono-latin-400-normal-DMJ8VG8y.woff2               14.71 kB
dist/assets/figtree-latin-400-normal-BD4aNku5.woff                      15.04 kB
dist/assets/figtree-latin-500-normal-B_yy1phn.woff                      15.04 kB
dist/assets/figtree-latin-600-normal-BM_oTo4n.woff                      15.21 kB
dist/assets/literata-latin-ext-400-normal-D5BsCrMl.woff2                17.62 kB
dist/assets/literata-latin-400-normal-CLtNJ872.woff2                    20.42 kB
dist/assets/literata-latin-ext-400-normal-Cs2-p-8d.woff                 22.36 kB
dist/assets/literata-latin-400-normal-CUhpYSl8.woff                     25.10 kB
dist/assets/pdf.worker.min-iDqQPrd3.mjs                              1,232.30 kB
dist/assets/PublicationCover-Drj1sZ2I.css                                0.13 kB │ gzip:   0.13 kB
dist/assets/OverviewPage-w0c5IN_t.css                                    0.68 kB │ gzip:   0.35 kB
dist/assets/SharePage-Dn3z_Sw-.css                                       1.23 kB │ gzip:   0.49 kB
dist/assets/DocumentPage-D1sa3dOr.css                                    1.76 kB │ gzip:   0.59 kB
dist/assets/UploadPage-BEDRaWOH.css                                      1.85 kB │ gzip:   0.68 kB
dist/assets/SettingsPage-DhnZWalL.css                                    2.24 kB │ gzip:   0.72 kB
dist/assets/LibraryPage-B2fJLQ7u.css                                     2.34 kB │ gzip:   0.74 kB
dist/assets/AdminPage-DdyWp1W5.css                                       3.31 kB │ gzip:   1.02 kB
dist/assets/AccountPage-CiuDvQCJ.css                                     3.97 kB │ gzip:   1.17 kB
dist/assets/ReaderPage-B4ku8Zap.css                                     12.57 kB │ gzip:   2.72 kB
dist/assets/PublicPage-kVuKTahc.css                                     13.18 kB │ gzip:   2.90 kB
dist/assets/index-Bm7Bsff1.css                                          21.48 kB │ gzip:   8.08 kB
dist/assets/reading-garden-CIxJ15i8.js                                   0.05 kB │ gzip:   0.07 kB
dist/assets/check-CI294v-0.js                                            0.12 kB │ gzip:   0.14 kB
dist/assets/chevron-right-BaD9yZWv.js                                    0.13 kB │ gzip:   0.14 kB
dist/assets/arrow-left-CZaqx9uD.js                                       0.17 kB │ gzip:   0.16 kB
dist/assets/search-Bk8dtsd3.js                                           0.17 kB │ gzip:   0.17 kB
dist/assets/lock-B5PCaGzN.js                                             0.20 kB │ gzip:   0.19 kB
dist/assets/copy-DAxwA_a2.js                                             0.23 kB │ gzip:   0.21 kB
dist/assets/eye-BQbhtdzv.js                                              0.25 kB │ gzip:   0.20 kB
dist/assets/link-Cu3UJrXu.js                                             0.26 kB │ gzip:   0.20 kB
dist/assets/download-is5otf3M.js                                         0.26 kB │ gzip:   0.22 kB
dist/assets/link-2-off-BN2xxeIA.js                                       0.29 kB │ gzip:   0.22 kB
dist/assets/list-Bn2dKMof.js                                             0.30 kB │ gzip:   0.19 kB
dist/assets/file-text-CQLW3gr0.js                                        0.33 kB │ gzip:   0.22 kB
dist/assets/trash-2-7FX60Q9G.js                                          0.36 kB │ gzip:   0.25 kB
dist/assets/eye-off-Cx8GlrFE.js                                          0.43 kB │ gzip:   0.28 kB
dist/assets/PublicationCover-Dat5BPOt.js                                 0.84 kB │ gzip:   0.53 kB
dist/assets/UiModal.vue_vue_type_script_setup_true_lang-BHiM1FjL.js      1.22 kB │ gzip:   0.70 kB
dist/assets/SharePage-D-Pu4lr8.js                                        4.15 kB │ gzip:   2.08 kB
dist/assets/DesignSystemPage-mRDVLNVI.js                                 4.26 kB │ gzip:   1.92 kB
dist/assets/AccountPage-DSM0BEWp.js                                      7.39 kB │ gzip:   3.00 kB
dist/assets/LibraryPage-I2_A-r6k.js                                      7.93 kB │ gzip:   3.04 kB
dist/assets/OverviewPage-DkCib3k0.js                                     9.14 kB │ gzip:   3.68 kB
dist/assets/SettingsPage-BBDUYRYP.js                                     9.68 kB │ gzip:   3.67 kB
dist/assets/UploadPage-Bu4voaK5.js                                      10.82 kB │ gzip:   4.36 kB
dist/assets/AdminPage-CmQS2uiZ.js                                       18.18 kB │ gzip:   5.88 kB
dist/assets/DocumentPage-BxMaJs3v.js                                    18.95 kB │ gzip:   6.66 kB
dist/assets/PublicPage-DsrfJc7U.js                                      25.08 kB │ gzip:   8.72 kB
dist/assets/index-BagBKVDX.js                                          120.30 kB │ gzip:  46.85 kB
dist/assets/ReaderPage-CinC6UKi.js                                     449.29 kB │ gzip: 135.39 kB
✓ built in 3.85s
